5
N1 100
N10 100
N2 100
N3 100
N4 100
N5 100
N6 60
N7 60
N8 100
N9 100
N5 N6 token(10)
N5 N6 token(10)
N5 N6 token(10)
N5 N6 token(10)
N5 N6 token(10)
N5 N6 token(10)
N5 N6 token(10)
N5 N6 token(10)
