8
N1 100
N10 90
N2 100
N3 100
N4 100
N5 100
N6 100
N7 100
N8 100
N9 50
N8 N9 token(10)
N8 N9 token(10)
N8 N9 token(10)
N8 N9 token(10)
N8 N9 token(10)
N8 N9 token(10)
