9
N1 100
N10 50
N2 100
N3 100
N4 100
N5 100
N6 100
N7 100
N8 100
N9 100
N9 N10 token(10)
N9 N10 token(10)
N9 N10 token(10)
N9 N10 token(10)
N9 N10 token(10)
