0
N1 90
N10 100
N2 60
N3 60
N4 90
N5 100
N6 100
N7 100
N8 100
N9 100
N10 N1 token(10)
N10 N1 token(10)
N10 N1 token(10)
N10 N1 token(10)
N10 N1 token(10)
N10 N1 token(10)
N10 N1 token(10)
N10 N1 token(10)
N10 N1 token(10)
N10 N1 token(10)
