2
N1 100
N10 100
N2 100
N3 70
N4 60
N5 70
N6 100
N7 100
N8 100
N9 100
N2 N3 token(10)
N2 N3 token(10)
N2 N3 token(10)
N2 N3 token(10)
N2 N3 token(10)
N2 N3 token(10)
N2 N3 token(10)
N2 N3 token(10)
N2 N3 token(10)
N2 N3 token(10)
