6
N1 100
N10 100
N2 100
N3 100
N4 100
N5 100
N6 100
N7 50
N8 70
N9 100
N6 N7 token(10)
N6 N7 token(10)
N6 N7 token(10)
N6 N7 token(10)
N6 N7 token(10)
N6 N7 token(10)
N6 N7 token(10)
N6 N7 token(10)
