0
N1 4
N2 1
N3 2
N1 N2 token(3)
N1 N2 token(2)
N1 N2 token(1)
