2
N1 9
N2 9
N3 9
N4 9
N5 0
N6 0
N7 0
N8 0
N4 N5 token(4)
