1
N1 9
N2 9
N3 9
N4 6
N5 4
N6 0
N7 0
N8 0
N3 N4 token(3)
