0
N1 9
N2 9
N3 10
N4 10
N5 0
N6 0
N7 0
N8 0
N2 N3 token(2)
