3
N1 100
N10 100
N2 100
N3 100
N4 60
N5 60
N6 80
N7 100
N8 100
N9 100
N3 N4 token(10)
N3 N4 token(10)
N3 N4 token(10)
N3 N4 token(10)
N3 N4 token(10)
N3 N4 token(10)
N3 N4 token(10)
N3 N4 token(10)
N3 N4 token(10)
N3 N4 token(10)
