4
N1 100
N10 100
N2 100
N3 100
N4 100
N5 70
N6 50
N7 100
N8 100
N9 100
N4 N5 token(10)
N4 N5 token(10)
N4 N5 token(10)
N4 N5 token(10)
N4 N5 token(10)
N4 N5 token(10)
N4 N5 token(10)
N4 N5 token(10)
