3
N1 9
N2 9
N3 9
N4 9
N5 1
N6 0
N7 0
N8 1
N5 N6 token(2)
