1
N1 100
N10 100
N2 80
N3 70
N4 50
N5 100
N6 100
N7 100
N8 100
N9 100
N1 N2 token(10)
N1 N2 token(10)
N1 N2 token(10)
N1 N2 token(10)
N1 N2 token(10)
N1 N2 token(10)
N1 N2 token(10)
N1 N2 token(10)
N1 N2 token(10)
N1 N2 token(10)
