7
N1 100
N10 100
N2 100
N3 100
N4 100
N5 100
N6 100
N7 100
N8 70
N9 80
N7 N8 token(10)
N7 N8 token(10)
N7 N8 token(10)
N7 N8 token(10)
N7 N8 token(10)
