1
N1 9
N2 9
N3 9
N4 9
N5 2
N6 0
N7 0
N8 0
N5 N6 token(2)
