0
N1 9
N2 9
N3 10
N4 6
N5 4
N6 0
N7 0
N8 0
N2 N3 token(2)
